client/src/components/DashboardLayout.test.tsx(2,52): error TS2307: Cannot find module '@testing-library/react' or its corresponding type declarations.
client/src/components/DashboardLayout.test.tsx(40,43): error TS2339: Property 'toBeInTheDocument' does not exist on type 'Assertion<any>'.
client/src/components/DashboardLayout.test.tsx(41,48): error TS2339: Property 'toBeInTheDocument' does not exist on type 'Assertion<any>'.
client/src/components/DashboardLayout.test.tsx(42,48): error TS2339: Property 'toBeInTheDocument' does not exist on type 'Assertion<any>'.
client/src/components/DashboardLayout.test.tsx(43,52): error TS2339: Property 'toBeInTheDocument' does not exist on type 'Assertion<any>'.
client/src/components/DashboardLayout.test.tsx(44,52): error TS2339: Property 'toBeInTheDocument' does not exist on type 'Assertion<any>'.
client/src/components/DashboardLayout.test.tsx(45,55): error TS2339: Property 'toBeInTheDocument' does not exist on type 'Assertion<any>'.
client/src/components/DashboardLayout.test.tsx(46,56): error TS2339: Property 'toBeInTheDocument' does not exist on type 'Assertion<any>'.
client/src/components/DashboardLayout.test.tsx(47,53): error TS2339: Property 'toBeInTheDocument' does not exist on type 'Assertion<any>'.
client/src/components/DashboardLayout.test.tsx(48,50): error TS2339: Property 'toBeInTheDocument' does not exist on type 'Assertion<any>'.
client/src/components/DashboardLayout.test.tsx(69,31): error TS2339: Property 'toBeInTheDocument' does not exist on type 'Assertion<any>'.
client/src/components/DashboardLayout.test.tsx(74,39): error TS2339: Property 'toBeInTheDocument' does not exist on type 'Assertion<any>'.
client/src/components/DashboardLayout.test.tsx(75,49): error TS2339: Property 'toBeInTheDocument' does not exist on type 'Assertion<any>'.
client/src/components/DashboardLayout.test.tsx(101,39): error TS2339: Property 'toBeInTheDocument' does not exist on type 'Assertion<any>'.
client/src/components/DashboardLayout.test.tsx(107,45): error TS2339: Property 'toBeInTheDocument' does not exist on type 'Assertion<any>'.
client/src/components/DashboardLayout.test.tsx(132,39): error TS2339: Property 'toBeInTheDocument' does not exist on type 'Assertion<any>'.
client/src/components/DashboardLayout.test.tsx(152,39): error TS2339: Property 'toBeInTheDocument' does not exist on type 'Assertion<any>'.
client/src/components/DashboardLayout.test.tsx(175,39): error TS2339: Property 'toBeInTheDocument' does not exist on type 'Assertion<any>'.
client/src/components/DashboardLayout.test.tsx(198,39): error TS2339: Property 'toBeInTheDocument' does not exist on type 'Assertion<any>'.
client/src/components/DashboardLayout.test.tsx(199,44): error TS2339: Property 'toBeInTheDocument' does not exist on type 'Assertion<any>'.
client/src/components/DashboardLayout.test.tsx(226,25): error TS2339: Property 'toHaveClass' does not exist on type 'Assertion<any>'.
client/src/components/DashboardLayout.test.tsx(253,39): error TS2339: Property 'toBeInTheDocument' does not exist on type 'Assertion<any>'.
client/src/components/DashboardLayout.test.tsx(277,44): error TS2339: Property 'toBeInTheDocument' does not exist on type 'Assertion<any>'.
client/src/components/DashboardLayout.test.tsx(294,41): error TS2339: Property 'toBeInTheDocument' does not exist on type 'Assertion<any>'.
client/src/components/DashboardLayout.test.tsx(314,42): error TS2339: Property 'toBeInTheDocument' does not exist on type 'Assertion<any>'.
client/src/components/DashboardLayout.test.tsx(315,50): error TS2339: Property 'toBeInTheDocument' does not exist on type 'Assertion<any>'.
client/src/pages/AnalyticsDashboard.tsx(258,87): error TS2339: Property 'primeCost' does not exist on type '{ revenue: string; orderCount: number; avgOrderValue: string; cogs: string; grossProfit: string; grossMargin: string; labourCost: string; labourPercentage: string; wasteCost: string; wastePercentage: string; netProfit: string; netMargin: string; }'.
client/src/pages/CustomerSegments.tsx(69,52): error TS2322: Type '(number | null)[]' is not assignable to type 'number[]'.
  Type 'number | null' is not assignable to type 'number'.
    Type 'null' is not assignable to type 'number'.
client/src/pages/CustomReportBuilder.tsx(236,43): error TS2339: Property 'metrics' does not exist on type '{ id: number; name: string; description: string | null; type: "custom" | "customer" | "sales" | "inventory" | "labour" | "financial"; filters: string | null; columns: string | null; ... 5 more ...; updatedAt: Date; }'.
client/src/pages/CustomReportBuilder.tsx(237,31): error TS2339: Property 'dateFrom' does not exist on type '{ id: number; name: string; description: string | null; type: "custom" | "customer" | "sales" | "inventory" | "labour" | "financial"; filters: string | null; columns: string | null; ... 5 more ...; updatedAt: Date; }'.
client/src/pages/CustomReportBuilder.tsx(237,50): error TS2339: Property 'dateTo' does not exist on type '{ id: number; name: string; description: string | null; type: "custom" | "customer" | "sales" | "inventory" | "labour" | "financial"; filters: string | null; columns: string | null; ... 5 more ...; updatedAt: Date; }'.
client/src/pages/CustomReportBuilder.tsx(239,52): error TS2339: Property 'dateFrom' does not exist on type '{ id: number; name: string; description: string | null; type: "custom" | "customer" | "sales" | "inventory" | "labour" | "financial"; filters: string | null; columns: string | null; ... 5 more ...; updatedAt: Date; }'.
client/src/pages/CustomReportBuilder.tsx(240,44): error TS2339: Property 'dateTo' does not exist on type '{ id: number; name: string; description: string | null; type: "custom" | "customer" | "sales" | "inventory" | "labour" | "financial"; filters: string | null; columns: string | null; ... 5 more ...; updatedAt: Date; }'.
client/src/pages/CustomReportBuilder.tsx(258,64): error TS2345: Argument of type '"excel"' is not assignable to parameter of type '"pdf" | "csv"'.
client/src/pages/Dashboard.tsx(269,54): error TS2339: Property 'clockIn' does not exist on type '{ id: number; name: string; email: string | null; phone: string | null; pin: string | null; role: "owner" | "manager" | "server" | "bartender" | "kitchen"; hourlyRate: string | null; isActive: boolean; createdAt: Date; updatedAt: Date; }'.
client/src/pages/Dashboard.tsx(275,90): error TS2339: Property 'staffName' does not exist on type '{ id: number; name: string; email: string | null; phone: string | null; pin: string | null; role: "owner" | "manager" | "server" | "bartender" | "kitchen"; hourlyRate: string | null; isActive: boolean; createdAt: Date; updatedAt: Date; }'.
client/src/pages/Dashboard.tsx(278,69): error TS2339: Property 'staffName' does not exist on type '{ id: number; name: string; email: string | null; phone: string | null; pin: string | null; role: "owner" | "manager" | "server" | "bartender" | "kitchen"; hourlyRate: string | null; isActive: boolean; createdAt: Date; updatedAt: Date; }'.
client/src/pages/Dashboard.tsx(279,90): error TS2339: Property 'staffRole' does not exist on type '{ id: number; name: string; email: string | null; phone: string | null; pin: string | null; role: "owner" | "manager" | "server" | "bartender" | "kitchen"; hourlyRate: string | null; isActive: boolean; createdAt: Date; updatedAt: Date; }'.
client/src/pages/Integrations.tsx(195,48): error TS2339: Property 'lastSyncedAt' does not exist on type '{ id?: number | undefined; type?: "slack" | "teams" | "quickbooks" | "stripe" | "square" | "paypal" | "uber_eats" | "doordash" | "grubhub" | "webhook" | undefined; name?: string | undefined; ... 12 more ...; lastSyncedAt: any; } | { ...; }'.
  Property 'lastSyncedAt' does not exist on type '{ active: boolean; }'.
client/src/pages/Integrations.tsx(196,120): error TS2339: Property 'lastSyncedAt' does not exist on type '{ id?: number | undefined; type?: "slack" | "teams" | "quickbooks" | "stripe" | "square" | "paypal" | "uber_eats" | "doordash" | "grubhub" | "webhook" | undefined; name?: string | undefined; ... 12 more ...; lastSyncedAt: any; } | { ...; }'.
  Property 'lastSyncedAt' does not exist on type '{ active: boolean; }'.
client/src/pages/KDS.tsx(84,36): error TS2339: Property 'station' does not exist on type '{ id: number; orderNumber: string; type: "dine_in" | "takeaway" | "delivery" | "collection" | "online"; status: "pending" | "preparing" | "ready" | "served" | "completed" | "cancelled" | "voided"; ... 22 more ...; completedAt: Date | null; }'.
client/src/pages/KDS.tsx(92,22): error TS2339: Property 'station' does not exist on type '{ id: number; orderNumber: string; type: "dine_in" | "takeaway" | "delivery" | "collection" | "online"; status: "pending" | "preparing" | "ready" | "served" | "completed" | "cancelled" | "voided"; ... 22 more ...; completedAt: Date | null; }'.
client/src/pages/KDS.tsx(107,22): error TS2339: Property 'station' does not exist on type '{ id: number; orderNumber: string; type: "dine_in" | "takeaway" | "delivery" | "collection" | "online"; status: "pending" | "preparing" | "ready" | "served" | "completed" | "cancelled" | "voided"; ... 22 more ...; completedAt: Date | null; }'.
client/src/pages/KDS.tsx(131,21): error TS2339: Property 'name' does not exist on type '{ id: number; orderNumber: string; type: "dine_in" | "takeaway" | "delivery" | "collection" | "online"; status: "pending" | "preparing" | "ready" | "served" | "completed" | "cancelled" | "voided"; ... 22 more ...; completedAt: Date | null; }'.
client/src/pages/KDS.tsx(132,20): error TS2339: Property 'quantity' does not exist on type '{ id: number; orderNumber: string; type: "dine_in" | "takeaway" | "delivery" | "collection" | "online"; status: "pending" | "preparing" | "ready" | "served" | "completed" | "cancelled" | "voided"; ... 22 more ...; completedAt: Date | null; }'.
client/src/pages/KDS.tsx(133,24): error TS2339: Property 'station' does not exist on type '{ id: number; orderNumber: string; type: "dine_in" | "takeaway" | "delivery" | "collection" | "online"; status: "pending" | "preparing" | "ready" | "served" | "completed" | "cancelled" | "voided"; ... 22 more ...; completedAt: Date | null; }'.
client/src/pages/KDS.tsx(135,26): error TS2339: Property 'modifiers' does not exist on type '{ id: number; orderNumber: string; type: "dine_in" | "takeaway" | "delivery" | "collection" | "online"; status: "pending" | "preparing" | "ready" | "served" | "completed" | "cancelled" | "voided"; ... 22 more ...; completedAt: Date | null; }'.
client/src/pages/KDS.tsx(135,46): error TS2339: Property 'modifiers' does not exist on type '{ id: number; orderNumber: string; type: "dine_in" | "takeaway" | "delivery" | "collection" | "online"; status: "pending" | "preparing" | "ready" | "served" | "completed" | "cancelled" | "voided"; ... 22 more ...; completedAt: Date | null; }'.
client/src/pages/KDS.tsx(136,26): error TS2339: Property 'modifiers' does not exist on type '{ id: number; orderNumber: string; type: "dine_in" | "takeaway" | "delivery" | "collection" | "online"; status: "pending" | "preparing" | "ready" | "served" | "completed" | "cancelled" | "voided"; ... 22 more ...; completedAt: Date | null; }'.
client/src/pages/KDS.tsx(206,72): error TS2339: Property 'name' does not exist on type '{ id: number; orderNumber: string; type: "dine_in" | "takeaway" | "delivery" | "collection" | "online"; status: "pending" | "preparing" | "ready" | "served" | "completed" | "cancelled" | "voided"; ... 22 more ...; completedAt: Date | null; }'.
client/src/pages/KDS.tsx(207,82): error TS2339: Property 'quantity' does not exist on type '{ id: number; orderNumber: string; type: "dine_in" | "takeaway" | "delivery" | "collection" | "online"; status: "pending" | "preparing" | "ready" | "served" | "completed" | "cancelled" | "voided"; ... 22 more ...; completedAt: Date | null; }'.
client/src/pages/KDS.tsx(211,53): error TS2339: Property 'sentToKitchenAt' does not exist on type '{ id: number; orderNumber: string; type: "dine_in" | "takeaway" | "delivery" | "collection" | "online"; status: "pending" | "preparing" | "ready" | "served" | "completed" | "cancelled" | "voided"; ... 22 more ...; completedAt: Date | null; }'.
client/src/pages/KDS.tsx(247,65): error TS2339: Property 'name' does not exist on type '{ id: number; orderNumber: string; type: "dine_in" | "takeaway" | "delivery" | "collection" | "online"; status: "pending" | "preparing" | "ready" | "served" | "completed" | "cancelled" | "voided"; ... 22 more ...; completedAt: Date | null; }'.
client/src/pages/KDS.tsx(248,89): error TS2339: Property 'station' does not exist on type '{ id: number; orderNumber: string; type: "dine_in" | "takeaway" | "delivery" | "collection" | "online"; status: "pending" | "preparing" | "ready" | "served" | "completed" | "cancelled" | "voided"; ... 22 more ...; completedAt: Date | null; }'.
client/src/pages/KDS.tsx(250,86): error TS2339: Property 'quantity' does not exist on type '{ id: number; orderNumber: string; type: "dine_in" | "takeaway" | "delivery" | "collection" | "online"; status: "pending" | "preparing" | "ready" | "served" | "completed" | "cancelled" | "voided"; ... 22 more ...; completedAt: Date | null; }'.
client/src/pages/KDS.tsx(252,45): error TS2339: Property 'modifiers' does not exist on type '{ id: number; orderNumber: string; type: "dine_in" | "takeaway" | "delivery" | "collection" | "online"; status: "pending" | "preparing" | "ready" | "served" | "completed" | "cancelled" | "voided"; ... 22 more ...; completedAt: Date | null; }'.
client/src/pages/KDS.tsx(252,65): error TS2339: Property 'modifiers' does not exist on type '{ id: number; orderNumber: string; type: "dine_in" | "takeaway" | "delivery" | "collection" | "online"; status: "pending" | "preparing" | "ready" | "served" | "completed" | "cancelled" | "voided"; ... 22 more ...; completedAt: Date | null; }'.
client/src/pages/KDS.tsx(254,36): error TS2339: Property 'modifiers' does not exist on type '{ id: number; orderNumber: string; type: "dine_in" | "takeaway" | "delivery" | "collection" | "online"; status: "pending" | "preparing" | "ready" | "served" | "completed" | "cancelled" | "voided"; ... 22 more ...; completedAt: Date | null; }'.
client/src/pages/KDS.tsx(289,65): error TS2339: Property 'name' does not exist on type '{ id: number; orderNumber: string; type: "dine_in" | "takeaway" | "delivery" | "collection" | "online"; status: "pending" | "preparing" | "ready" | "served" | "completed" | "cancelled" | "voided"; ... 22 more ...; completedAt: Date | null; }'.
client/src/pages/KDS.tsx(290,89): error TS2339: Property 'station' does not exist on type '{ id: number; orderNumber: string; type: "dine_in" | "takeaway" | "delivery" | "collection" | "online"; status: "pending" | "preparing" | "ready" | "served" | "completed" | "cancelled" | "voided"; ... 22 more ...; completedAt: Date | null; }'.
client/src/pages/KDS.tsx(291,57): error TS2339: Property 'sentToKitchenAt' does not exist on type '{ id: number; orderNumber: string; type: "dine_in" | "takeaway" | "delivery" | "collection" | "online"; status: "pending" | "preparing" | "ready" | "served" | "completed" | "cancelled" | "voided"; ... 22 more ...; completedAt: Date | null; }'.
client/src/pages/KDS.tsx(293,86): error TS2339: Property 'quantity' does not exist on type '{ id: number; orderNumber: string; type: "dine_in" | "takeaway" | "delivery" | "collection" | "online"; status: "pending" | "preparing" | "ready" | "served" | "completed" | "cancelled" | "voided"; ... 22 more ...; completedAt: Date | null; }'.
client/src/pages/LocationManagement.tsx(29,47): error TS2339: Property 'locations' does not exist on type 'CreateTRPCReactBase<BuiltRouter<{ ctx: TrpcContext; meta: object; errorShape: DefaultErrorShape; transformer: true; }, DecorateCreateRouterOptions<{ system: BuiltRouter<{ ctx: TrpcContext; meta: object; errorShape: DefaultErrorShape; transformer: true; }, DecorateCreateRouterOptions<...>>; ... 55 more ...; settings:...'.
client/src/pages/LocationManagement.tsx(31,26): error TS2339: Property 'locations' does not exist on type 'CreateTRPCReactBase<BuiltRouter<{ ctx: TrpcContext; meta: object; errorShape: DefaultErrorShape; transformer: true; }, DecorateCreateRouterOptions<{ system: BuiltRouter<{ ctx: TrpcContext; meta: object; errorShape: DefaultErrorShape; transformer: true; }, DecorateCreateRouterOptions<...>>; ... 55 more ...; settings:...'.
client/src/pages/LocationManagement.tsx(34,13): error TS2339: Property 'locations' does not exist on type 'TRPCContextPropsBase<BuiltRouter<{ ctx: TrpcContext; meta: object; errorShape: DefaultErrorShape; transformer: true; }, DecorateCreateRouterOptions<{ system: BuiltRouter<{ ctx: TrpcContext; meta: object; errorShape: DefaultErrorShape; transformer: true; }, DecorateCreateRouterOptions<...>>; ... 55 more ...; settings...'.
client/src/pages/LocationManagement.tsx(41,26): error TS2339: Property 'locations' does not exist on type 'CreateTRPCReactBase<BuiltRouter<{ ctx: TrpcContext; meta: object; errorShape: DefaultErrorShape; transformer: true; }, DecorateCreateRouterOptions<{ system: BuiltRouter<{ ctx: TrpcContext; meta: object; errorShape: DefaultErrorShape; transformer: true; }, DecorateCreateRouterOptions<...>>; ... 55 more ...; settings:...'.
client/src/pages/LocationManagement.tsx(44,13): error TS2339: Property 'locations' does not exist on type 'TRPCContextPropsBase<BuiltRouter<{ ctx: TrpcContext; meta: object; errorShape: DefaultErrorShape; transformer: true; }, DecorateCreateRouterOptions<{ system: BuiltRouter<{ ctx: TrpcContext; meta: object; errorShape: DefaultErrorShape; transformer: true; }, DecorateCreateRouterOptions<...>>; ... 55 more ...; settings...'.
client/src/pages/LocationManagement.tsx(50,26): error TS2339: Property 'locations' does not exist on type 'CreateTRPCReactBase<BuiltRouter<{ ctx: TrpcContext; meta: object; errorShape: DefaultErrorShape; transformer: true; }, DecorateCreateRouterOptions<{ system: BuiltRouter<{ ctx: TrpcContext; meta: object; errorShape: DefaultErrorShape; transformer: true; }, DecorateCreateRouterOptions<...>>; ... 55 more ...; settings:...'.
client/src/pages/LocationManagement.tsx(53,13): error TS2339: Property 'locations' does not exist on type 'TRPCContextPropsBase<BuiltRouter<{ ctx: TrpcContext; meta: object; errorShape: DefaultErrorShape; transformer: true; }, DecorateCreateRouterOptions<{ system: BuiltRouter<{ ctx: TrpcContext; meta: object; errorShape: DefaultErrorShape; transformer: true; }, DecorateCreateRouterOptions<...>>; ... 55 more ...; settings...'.
client/src/pages/LocationPricing.tsx(13,36): error TS2339: Property 'locations' does not exist on type 'CreateTRPCReactBase<BuiltRouter<{ ctx: TrpcContext; meta: object; errorShape: DefaultErrorShape; transformer: true; }, DecorateCreateRouterOptions<{ system: BuiltRouter<{ ctx: TrpcContext; meta: object; errorShape: DefaultErrorShape; transformer: true; }, DecorateCreateRouterOptions<...>>; ... 55 more ...; settings:...'.
client/src/pages/LocationPricing.tsx(19,41): error TS2339: Property 'locationPrices' does not exist on type 'CreateTRPCReactBase<BuiltRouter<{ ctx: TrpcContext; meta: object; errorShape: DefaultErrorShape; transformer: true; }, DecorateCreateRouterOptions<{ system: BuiltRouter<{ ctx: TrpcContext; meta: object; errorShape: DefaultErrorShape; transformer: true; }, DecorateCreateRouterOptions<...>>; ... 55 more ...; settings:...'.
client/src/pages/LocationPricing.tsx(24,28): error TS2339: Property 'locationPrices' does not exist on type 'CreateTRPCReactBase<BuiltRouter<{ ctx: TrpcContext; meta: object; errorShape: DefaultErrorShape; transformer: true; }, DecorateCreateRouterOptions<{ system: BuiltRouter<{ ctx: TrpcContext; meta: object; errorShape: DefaultErrorShape; transformer: true; }, DecorateCreateRouterOptions<...>>; ... 55 more ...; settings:...'.
client/src/pages/LocationPricing.tsx(25,30): error TS2339: Property 'locationPrices' does not exist on type 'TRPCContextPropsBase<BuiltRouter<{ ctx: TrpcContext; meta: object; errorShape: DefaultErrorShape; transformer: true; }, DecorateCreateRouterOptions<{ system: BuiltRouter<{ ctx: TrpcContext; meta: object; errorShape: DefaultErrorShape; transformer: true; }, DecorateCreateRouterOptions<...>>; ... 55 more ...; settings...'.
client/src/pages/LocationPricing.tsx(27,31): error TS2339: Property 'locationPrices' does not exist on type 'CreateTRPCReactBase<BuiltRouter<{ ctx: TrpcContext; meta: object; errorShape: DefaultErrorShape; transformer: true; }, DecorateCreateRouterOptions<{ system: BuiltRouter<{ ctx: TrpcContext; meta: object; errorShape: DefaultErrorShape; transformer: true; }, DecorateCreateRouterOptions<...>>; ... 55 more ...; settings:...'.
client/src/pages/LocationPricing.tsx(28,30): error TS2339: Property 'locationPrices' does not exist on type 'TRPCContextPropsBase<BuiltRouter<{ ctx: TrpcContext; meta: object; errorShape: DefaultErrorShape; transformer: true; }, DecorateCreateRouterOptions<{ system: BuiltRouter<{ ctx: TrpcContext; meta: object; errorShape: DefaultErrorShape; transformer: true; }, DecorateCreateRouterOptions<...>>; ... 55 more ...; settings...'.
client/src/pages/MenuManagement.tsx(278,41): error TS2339: Property 'recipeBreakdown' does not exist on type '{ menuItemId: number; itemName: string; price: number; cost: number; margin: number; marginPercent: number; recipeDetails: { ingredientName: string; quantity: number; unit: string; costPerUnit: number; totalCost: number; }[]; }'.
client/src/pages/OnlineOrdering.tsx(67,26): error TS2339: Property 'id' does not exist on type 'MySqlRawQueryResult'.
client/src/pages/OnlineOrdering.tsx(73,19): error TS2339: Property 'id' does not exist on type 'MySqlRawQueryResult'.
client/src/pages/OnlineOrdering.tsx(76,35): error TS2339: Property 'id' does not exist on type 'MySqlRawQueryResult'.
client/src/pages/OrderHistory.tsx(317,74): error TS2339: Property 'toFixed' does not exist on type 'string | 0'.
  Property 'toFixed' does not exist on type 'string'.
client/src/pages/OrderHistory.tsx(321,75): error TS2339: Property 'toFixed' does not exist on type 'string | 0'.
  Property 'toFixed' does not exist on type 'string'.
client/src/pages/OrderHistory.tsx(326,83): error TS2339: Property 'toFixed' does not exist on type 'string | 0'.
  Property 'toFixed' does not exist on type 'string'.
client/src/pages/OrderHistory.tsx(331,71): error TS2339: Property 'toFixed' does not exist on type 'string | 0'.
  Property 'toFixed' does not exist on type 'string'.
client/src/pages/PaymentDisputes.tsx(30,46): error TS2339: Property 'paymentDisputes' does not exist on type 'CreateTRPCReactBase<BuiltRouter<{ ctx: TrpcContext; meta: object; errorShape: DefaultErrorShape; transformer: true; }, DecorateCreateRouterOptions<{ system: BuiltRouter<{ ctx: TrpcContext; meta: object; errorShape: DefaultErrorShape; transformer: true; }, DecorateCreateRouterOptions<...>>; ... 55 more ...; settings:...'.
client/src/pages/PaymentDisputes.tsx(31,30): error TS2339: Property 'paymentDisputes' does not exist on type 'CreateTRPCReactBase<BuiltRouter<{ ctx: TrpcContext; meta: object; errorShape: DefaultErrorShape; transformer: true; }, DecorateCreateRouterOptions<{ system: BuiltRouter<{ ctx: TrpcContext; meta: object; errorShape: DefaultErrorShape; transformer: true; }, DecorateCreateRouterOptions<...>>; ... 55 more ...; settings:...'.
client/src/pages/PaymentDisputes.tsx(32,30): error TS2339: Property 'paymentDisputes' does not exist on type 'TRPCContextPropsBase<BuiltRouter<{ ctx: TrpcContext; meta: object; errorShape: DefaultErrorShape; transformer: true; }, DecorateCreateRouterOptions<{ system: BuiltRouter<{ ctx: TrpcContext; meta: object; errorShape: DefaultErrorShape; transformer: true; }, DecorateCreateRouterOptions<...>>; ... 55 more ...; settings...'.
client/src/pages/PaymentDisputes.tsx(34,30): error TS2339: Property 'paymentDisputes' does not exist on type 'CreateTRPCReactBase<BuiltRouter<{ ctx: TrpcContext; meta: object; errorShape: DefaultErrorShape; transformer: true; }, DecorateCreateRouterOptions<{ system: BuiltRouter<{ ctx: TrpcContext; meta: object; errorShape: DefaultErrorShape; transformer: true; }, DecorateCreateRouterOptions<...>>; ... 55 more ...; settings:...'.
client/src/pages/PaymentDisputes.tsx(35,30): error TS2339: Property 'paymentDisputes' does not exist on type 'TRPCContextPropsBase<BuiltRouter<{ ctx: TrpcContext; meta: object; errorShape: DefaultErrorShape; transformer: true; }, DecorateCreateRouterOptions<{ system: BuiltRouter<{ ctx: TrpcContext; meta: object; errorShape: DefaultErrorShape; transformer: true; }, DecorateCreateRouterOptions<...>>; ... 55 more ...; settings...'.
client/src/pages/POS.tsx(32,39): error TS2339: Property 'tableMerges' does not exist on type 'CreateTRPCReactBase<BuiltRouter<{ ctx: TrpcContext; meta: object; errorShape: DefaultErrorShape; transformer: true; }, DecorateCreateRouterOptions<{ system: BuiltRouter<{ ctx: TrpcContext; meta: object; errorShape: DefaultErrorShape; transformer: true; }, DecorateCreateRouterOptions<...>>; ... 55 more ...; settings:...'.
client/src/pages/POS.tsx(33,45): error TS2339: Property 'discountsManager' does not exist on type 'CreateTRPCReactBase<BuiltRouter<{ ctx: TrpcContext; meta: object; errorShape: DefaultErrorShape; transformer: true; }, DecorateCreateRouterOptions<{ system: BuiltRouter<{ ctx: TrpcContext; meta: object; errorShape: DefaultErrorShape; transformer: true; }, DecorateCreateRouterOptions<...>>; ... 55 more ...; settings:...'.
client/src/pages/POS.tsx(67,31): error TS2339: Property 'tableMerges' does not exist on type 'CreateTRPCReactBase<BuiltRouter<{ ctx: TrpcContext; meta: object; errorShape: DefaultErrorShape; transformer: true; }, DecorateCreateRouterOptions<{ system: BuiltRouter<{ ctx: TrpcContext; meta: object; errorShape: DefaultErrorShape; transformer: true; }, DecorateCreateRouterOptions<...>>; ... 55 more ...; settings:...'.
client/src/pages/POS.tsx(68,33): error TS2339: Property 'tableMerges' does not exist on type 'CreateTRPCReactBase<BuiltRouter<{ ctx: TrpcContext; meta: object; errorShape: DefaultErrorShape; transformer: true; }, DecorateCreateRouterOptions<{ system: BuiltRouter<{ ctx: TrpcContext; meta: object; errorShape: DefaultErrorShape; transformer: true; }, DecorateCreateRouterOptions<...>>; ... 55 more ...; settings:...'.
client/src/pages/POS.tsx(69,32): error TS2339: Property 'splitBills' does not exist on type 'CreateTRPCReactBase<BuiltRouter<{ ctx: TrpcContext; meta: object; errorShape: DefaultErrorShape; transformer: true; }, DecorateCreateRouterOptions<{ system: BuiltRouter<{ ctx: TrpcContext; meta: object; errorShape: DefaultErrorShape; transformer: true; }, DecorateCreateRouterOptions<...>>; ... 55 more ...; settings:...'.
client/src/pages/POS.tsx(70,33): error TS2339: Property 'splitBills' does not exist on type 'CreateTRPCReactBase<BuiltRouter<{ ctx: TrpcContext; meta: object; errorShape: DefaultErrorShape; transformer: true; }, DecorateCreateRouterOptions<{ system: BuiltRouter<{ ctx: TrpcContext; meta: object; errorShape: DefaultErrorShape; transformer: true; }, DecorateCreateRouterOptions<...>>; ... 55 more ...; settings:...'.
client/src/pages/POS.tsx(71,33): error TS2339: Property 'splitBills' does not exist on type 'CreateTRPCReactBase<BuiltRouter<{ ctx: TrpcContext; meta: object; errorShape: DefaultErrorShape; transformer: true; }, DecorateCreateRouterOptions<{ system: BuiltRouter<{ ctx: TrpcContext; meta: object; errorShape: DefaultErrorShape; transformer: true; }, DecorateCreateRouterOptions<...>>; ... 55 more ...; settings:...'.
client/src/pages/POS.tsx(72,33): error TS2339: Property 'discountsManager' does not exist on type 'CreateTRPCReactBase<BuiltRouter<{ ctx: TrpcContext; meta: object; errorShape: DefaultErrorShape; transformer: true; }, DecorateCreateRouterOptions<{ system: BuiltRouter<{ ctx: TrpcContext; meta: object; errorShape: DefaultErrorShape; transformer: true; }, DecorateCreateRouterOptions<...>>; ... 55 more ...; settings:...'.
client/src/pages/POS.tsx(73,26): error TS2339: Property 'tips' does not exist on type 'CreateTRPCReactBase<BuiltRouter<{ ctx: TrpcContext; meta: object; errorShape: DefaultErrorShape; transformer: true; }, DecorateCreateRouterOptions<{ system: BuiltRouter<{ ctx: TrpcContext; meta: object; errorShape: DefaultErrorShape; transformer: true; }, DecorateCreateRouterOptions<...>>; ... 55 more ...; settings:...'.
client/src/pages/POS.tsx(155,13): error TS2339: Property 'tableMerges' does not exist on type 'TRPCContextPropsBase<BuiltRouter<{ ctx: TrpcContext; meta: object; errorShape: DefaultErrorShape; transformer: true; }, DecorateCreateRouterOptions<{ system: BuiltRouter<{ ctx: TrpcContext; meta: object; errorShape: DefaultErrorShape; transformer: true; }, DecorateCreateRouterOptions<...>>; ... 55 more ...; settings...'.
client/src/pages/POS.tsx(164,13): error TS2339: Property 'tableMerges' does not exist on type 'TRPCContextPropsBase<BuiltRouter<{ ctx: TrpcContext; meta: object; errorShape: DefaultErrorShape; transformer: true; }, DecorateCreateRouterOptions<{ system: BuiltRouter<{ ctx: TrpcContext; meta: object; errorShape: DefaultErrorShape; transformer: true; }, DecorateCreateRouterOptions<...>>; ... 55 more ...; settings...'.
client/src/pages/POS.tsx(180,26): error TS2339: Property 'id' does not exist on type 'MySqlRawQueryResult'.
client/src/pages/POS.tsx(192,19): error TS2339: Property 'id' does not exist on type 'MySqlRawQueryResult'.
client/src/pages/POS.tsx(207,26): error TS2339: Property 'id' does not exist on type 'MySqlRawQueryResult'.
client/src/pages/POS.tsx(217,54): error TS2339: Property 'id' does not exist on type 'MySqlRawQueryResult'.
client/src/pages/POS.tsx(227,26): error TS2339: Property 'id' does not exist on type 'MySqlRawQueryResult'.
client/src/pages/POS.tsx(244,39): error TS2339: Property 'id' does not exist on type 'MySqlRawQueryResult'.
client/src/pages/POS.tsx(246,39): error TS2339: Property 'id' does not exist on type 'MySqlRawQueryResult'.
client/src/pages/POS.tsx(304,31): error TS7006: Parameter 'm' implicitly has an 'any' type.
client/src/pages/PriceUploads.tsx(267,47): error TS2339: Property 'totalItems' does not exist on type 'MySqlRawQueryResult'.
client/src/pages/PriceUploads.tsx(267,75): error TS2339: Property 'newItems' does not exist on type 'MySqlRawQueryResult'.
client/src/pages/PriceUploads.tsx(267,99): error TS2339: Property 'priceChanges' does not exist on type 'MySqlRawQueryResult'.
client/src/pages/Profitability.tsx(36,15): error TS2339: Property 'cost' does not exist on type '{ categoryId: number; categoryName: string; quantity: number; revenue: number; cogs: number; grossProfit: number; profitMargin: number; }'.
client/src/pages/Profitability.tsx(37,17): error TS2339: Property 'profit' does not exist on type '{ categoryId: number; categoryName: string; quantity: number; revenue: number; cogs: number; grossProfit: number; profitMargin: number; }'.
client/src/pages/Profitability.tsx(43,18): error TS2339: Property 'staffId' does not exist on type '{ categoryId: number; categoryName: string; quantity: number; revenue: number; cogs: number; grossProfit: number; profitMargin: number; }'.
client/src/pages/Profitability.tsx(46,17): error TS2339: Property 'labourCost' does not exist on type '{ categoryId: number; categoryName: string; quantity: number; revenue: number; cogs: number; grossProfit: number; profitMargin: number; }'.
client/src/pages/Profitability.tsx(47,17): error TS2339: Property 'netProfit' does not exist on type '{ categoryId: number; categoryName: string; quantity: number; revenue: number; cogs: number; grossProfit: number; profitMargin: number; }'.
client/src/pages/Profitability.tsx(54,17): error TS2339: Property 'profit' does not exist on type '{ itemId: number; itemName: string; quantity: number; revenue: number; cogs: number; grossProfit: number; profitMargin: number; }'.
client/src/pages/Profitability.tsx(55,17): error TS2339: Property 'marginPercent' does not exist on type '{ itemId: number; itemName: string; quantity: number; revenue: number; cogs: number; grossProfit: number; profitMargin: number; }'.
client/src/pages/Profitability.tsx(62,17): error TS2339: Property 'profit' does not exist on type '{ itemId: number; itemName: string; quantity: number; revenue: number; cogs: number; grossProfit: number; profitMargin: number; }'.
client/src/pages/Profitability.tsx(63,17): error TS2339: Property 'marginPercent' does not exist on type '{ itemId: number; itemName: string; quantity: number; revenue: number; cogs: number; grossProfit: number; profitMargin: number; }'.
client/src/pages/Profitability.tsx(71,17): error TS2339: Property 'profit' does not exist on type '{ date: string; revenue: number; cogs: number; grossProfit: number; netProfit: number; profitMargin: number; orderCount: number; }'.
client/src/pages/Profitability.tsx(72,17): error TS2339: Property 'marginPercent' does not exist on type '{ date: string; revenue: number; cogs: number; grossProfit: number; netProfit: number; profitMargin: number; orderCount: number; }'.
client/src/pages/Profitability.tsx(133,81): error TS2339: Property 'profitMarginPercent' does not exist on type '{ totalRevenue: number; totalOrders: number; avgTicket: number; cogs: number; grossProfit: number; grossMargin: number; cogsPercentage: number; }'.
client/src/pages/Profitability.tsx(145,82): error TS2339: Property 'totalCost' does not exist on type '{ totalRevenue: number; totalOrders: number; avgTicket: number; cogs: number; grossProfit: number; grossMargin: number; cogsPercentage: number; }'.
client/src/pages/Profitability.tsx(213,82): error TS2339: Property 'cost' does not exist on type '{ categoryId: number; categoryName: string; quantity: number; revenue: number; cogs: number; grossProfit: number; profitMargin: number; }'.
client/src/pages/Profitability.tsx(214,109): error TS2339: Property 'profit' does not exist on type '{ categoryId: number; categoryName: string; quantity: number; revenue: number; cogs: number; grossProfit: number; profitMargin: number; }'.
client/src/pages/Profitability.tsx(216,47): error TS2339: Property 'marginPercent' does not exist on type '{ categoryId: number; categoryName: string; quantity: number; revenue: number; cogs: number; grossProfit: number; profitMargin: number; }'.
client/src/pages/Profitability.tsx(216,113): error TS2339: Property 'marginPercent' does not exist on type '{ categoryId: number; categoryName: string; quantity: number; revenue: number; cogs: number; grossProfit: number; profitMargin: number; }'.
client/src/pages/StaffManagement.tsx(179,39): error TS2304: Cannot find name 'staffData'.
client/src/pages/StaffManagement.tsx(204,90): error TS2339: Property 'date' does not exist on type '{ hoursWorked: number; totalCost: number; staffId: number; staffName: string; staffRole: "owner" | "manager" | "server" | "bartender" | "kitchen"; shiftDate: string; clockIn: string; clockOut: string; hourlyRate: string | null; }'.
client/src/pages/StaffManagement.tsx(208,44): error TS2339: Property 'id' does not exist on type '{ hoursWorked: number; totalCost: number; staffId: number; staffName: string; staffRole: "owner" | "manager" | "server" | "bartender" | "kitchen"; shiftDate: string; clockIn: string; clockOut: string; hourlyRate: string | null; }'.
client/src/pages/StaffManagement.tsx(208,217): error TS2339: Property 'id' does not exist on type '{ hoursWorked: number; totalCost: number; staffId: number; staffName: string; staffRole: "owner" | "manager" | "server" | "bartender" | "kitchen"; shiftDate: string; clockIn: string; clockOut: string; hourlyRate: string | null; }'.
client/src/pages/StaffManagement.tsx(209,37): error TS2339: Property 'startTime' does not exist on type '{ hoursWorked: number; totalCost: number; staffId: number; staffName: string; staffRole: "owner" | "manager" | "server" | "bartender" | "kitchen"; shiftDate: string; clockIn: string; clockOut: string; hourlyRate: string | null; }'.
client/src/pages/StaffManagement.tsx(209,52): error TS2339: Property 'endTime' does not exist on type '{ hoursWorked: number; totalCost: number; staffId: number; staffName: string; staffRole: "owner" | "manager" | "server" | "bartender" | "kitchen"; shiftDate: string; clockIn: string; clockOut: string; hourlyRate: string | null; }'.
client/src/pages/TableOrdering.tsx(69,26): error TS2339: Property 'id' does not exist on type 'MySqlRawQueryResult'.
client/src/pages/TableOrdering.tsx(75,19): error TS2339: Property 'id' does not exist on type 'MySqlRawQueryResult'.
client/src/pages/TableOrdering.tsx(78,35): error TS2339: Property 'id' does not exist on type 'MySqlRawQueryResult'.
